[twtools.eu/index.html]
[backblue.gif]
[fade.gif]
[index.html]
[cdnjs.cloudflare.com/ajax/libs/ratchet/2.0.2/css/ratchet.min.css]
[twtools.eu/css/main8a8b.css]
[twtools.eu/icons/apple-touch-icon98fb.png]
[twtools.eu/icons/favicon-32x3298fb.png]
[twtools.eu/icons/favicon-16x1698fb.png]
[twtools.eu/icons/site98fb.webmanifest]
[twtools.eu/icons/favicon98fb.ico]
[twtools.eu/icons/browserconfig98fb.xml]
[twtools.eu/pin_any_tweet/index.html]
[twtools.eu/welcome_editor/index.html]
[twtools.eu/index.html]
[cdnjs.cloudflare.com/ajax/libs/ratchet/2.0.2/css/ratchet.min.css]
[twtools.eu/css/main8a8b.css]
[twtools.eu/icons/safari-pinned-tab98fb.svg]
[twtools.eu/pin_any_tweet/css/style.min.css]
[twtools.eu/rtcleaner/index.html]
[twtools.eu/pin_any_tweet/apple-touch-icon.png]
[twtools.eu/pin_any_tweet/favicon-32x32.png]
[twtools.eu/pin_any_tweet/favicon-16x16.png]
[twtools.eu/pin_any_tweet/site.webmanifest]
[twtools.eu/pin_any_tweet/js/main.min.js]
[twtools.eu/pin_any_tweet/index.html]
[platform.twitter.com/widgets.js]
[twtools.eu/welcome_editor/css/style.min.css]
[twtools.eu/welcome_editor/icon.png]
[twtools.eu/welcome_editor/index.html]
[twtools.eu/rtcleaner/css/style.min92eb.css]
[twtools.eu/rtcleaner/icons/apple-touch-icon.png]
[twtools.eu/rtcleaner/icons/favicon-32x32.png]
[twtools.eu/rtcleaner/icons/favicon-16x16.png]
[twtools.eu/rtcleaner/icons/site.webmanifest]
[twtools.eu/rtcleaner/icons/favicon.ico]
[twtools.eu/rtcleaner/index.html]
[twtools.eu/pin_any_tweet/css/style.min.css]
[twtools.eu/pin_any_tweet/safari-pinned-tab.svg]
[twtools.eu/welcome_editor/css/style.min.css]
[twtools.eu/welcome_editor/icon.html]
[twtools.eu/rtcleaner/css/style.min92eb.css]
[twtools.eu/rtcleaner/icons/safari-pinned-tab.svg]
[twtools.eu/rtcleaner/icons/browserconfig.xml]
