[pentest-tools.com/website-vulnerability-scanning/xss-scanner-online.html]
[backblue.gif]
[fade.gif]
[index.html]
[pentest-tools.com/images/social/tools/default.jpg]
[pentest-tools.com/template_unauth/css/bootstrap.minf427.css]
[pentest-tools.com/template_unauth/css/menuf427.css]
[pentest-tools.com/template_unauth/css/stylef427.css]
[pentest-tools.com/template/myassets/fontawesome/css/all.min.css]
[pentest-tools.com/template/myassets/fontawesome/css/v4-shims.min.css]
[pentest-tools.com/template_unauth/css/footerf427.css]
[pentest-tools.com/template/myplugins/validationengine/css/validationEngine.jqueryf427.css]
[pentest-tools.com/apple-touch-iconb9d8.png]
[pentest-tools.com/favicon-32x32b9d8.png]
[pentest-tools.com/favicon-16x16b9d8.png]
[pentest-tools.com/website-vulnerability-scanning/website-scanner.html]
[pentest-tools.com/website-vulnerability-scanning/discover-hidden-directories-and-files.html]
[pentest-tools.com/website-vulnerability-scanning/sql-injection-scanner-online.html]
[pentest-tools.com/template_unauth/images/placeholder-min.png]
[pentest-tools.com/website-vulnerability-scanning/xss-scanner-onlinea531.html]
[pentest-tools.com/template_unauth/js/jquery.minf427.js]
[pentest-tools.com/template_unauth/js/popper.minf427.js]
[pentest-tools.com/template_unauth/js/bootstrap.minf427.js]
[pentest-tools.com/template_unauth/js/jquery.appf427.js]
[polyfill.io/v3/polyfill.minc677.js]
[pentest-tools.com/template_unauth/js/yall.minf427.js]
[pentest-tools.com/template_unauth/js/pentest-toolsf427.js]
[pentest-tools.com/template/myplugins/jquery-validation-1.11.1/dist/jquery.validate.minf427.js]
[pentest-tools.com/website-vulnerability-scanning/xss-scanner-online.html]
[pentest-tools.com/template_unauth/css/bootstrap.minf427.css]
[pentest-tools.com/template_unauth/css/menuf427.css]
[pentest-tools.com/images/mountain-city-compressed-tiny.jpg]
[pentest-tools.com/images/mountain-city-compressed-small.jpg]
[pentest-tools.com/images/mountain-city-compressed.jpg]
[pentest-tools.com/template_unauth/css/stylef427.css]
[pentest-tools.com/template/myassets/fontawesome/css/all.min.css]
[pentest-tools.com/template/myassets/fontawesome/css/v4-shims.min.css]
[pentest-tools.com/template_unauth/css/footerf427.css]
[pentest-tools.com/template/myplugins/validationengine/css/validationEngine.jqueryf427.css]
[www.googletagmanager.com/gtm5445.html]
[pentest-tools.com/images/social/tools/170.jpg]
[pentest-tools.com/website-vulnerability-scanning/website-scanner.html]
[pentest-tools.com/website-vulnerability-scanning/website-scannera531.html]
[pentest-tools.com/images/social/tools/90.jpg]
[pentest-tools.com/website-vulnerability-scanning/discover-hidden-directories-and-files.html]
[pentest-tools.com/website-vulnerability-scanning/discover-hidden-directories-and-filesa531.html]
[pentest-tools.com/images/social/tools/370.jpg]
[pentest-tools.com/website-vulnerability-scanning/sql-injection-scanner-online.html]
[pentest-tools.com/website-vulnerability-scanning/xss-scanner-onlinea531.html]
[pentest-tools.com/website-vulnerability-scanning/website-scannera531.html]
[pentest-tools.com/website-vulnerability-scanning/discover-hidden-directories-and-filesa531.html]
[pentest-tools.com/website-vulnerability-scanning/sql-injection-scanner-onlinea531.html]
[pentest-tools.com/website-vulnerability-scanning/sql-injection-scanner-onlinea531.html]
