[imasdar.com/crd/eid/2/index.html]
[backblue.gif]
[fade.gif]
[index.html]
[imasdar.com/crd/eid/2/lib/bootstrap.min.css]
[imasdar.com/crd/eid/2/css/photo-editor2048.css]
[imasdar.com/crd/eid/2/css/font-awesome.min.css]
[imasdar.com/crd/eid/2/css/spectrum.css]
[imasdar.com/crd/eid/2/lib/jquery-3.2.1.min.js]
[imasdar.com/crd/eid/2/lib/helpers.js]
[imasdar.com/crd/eid/2/lib/jcanvas.min.js]
[imasdar.com/crd/eid/2/lib/bootstrap.min.js]
[imasdar.com/crd/eid/2/lib/photoEditor2048.js]
[imasdar.com/crd/eid/2/lib/jquery-ui.js]
[imasdar.com/crd/eid/2/lib/spectrum.js]
[imasdar.com/crd/eid/2/css/google-fonts.css]
[pagead2.googlesyndication.com/pagead/js/f.txt]
[imasdar.com/wp-content/uploads/2021/01/logo-3.png]
[imasdar.com/crd/eid/2/index-2.html]
[imasdar.com/crd/eid/2/__bgs__/95_60846d0b7a708.jpg]
[imasdar.com/crd/eid/2/indexb7f7.html]
[imasdar.com/crd/eid/2/__bgs__/46_60846ce4d41f6.jpg]
[imasdar.com/crd/eid/2/index6139.html]
[imasdar.com/crd/eid/2/__bgs__/43_60846d60bce02.jpg]
[imasdar.com/crd/eid/2/index9d76.html]
[imasdar.com/crd/eid/2/__bgs__/36_60846d0b7b564.jpg]
[imasdar.com/crd/eid/2/__bgs__/58_60846d60bb9e2.jpg]
[imasdar.com/crd/eid/2/index6add.html]
[imasdar.com/crd/eid/2/__bgs__/26_60846ce4d4343.jpg]
[imasdar.com/crd/eid/2/index9227.html]
[imasdar.com/crd/eid/2/indexed2f.html]
[imasdar.com/crd/eid/2/__bgs__/50_60846d60bbf36.jpg]
[imasdar.com/crd/eid/2/__bgs__/59_60846d39aadc2.jpg]
[imasdar.com/crd/eid/2/__bgs__/9_60846d0b7a250.jpg]
[imasdar.com/crd/eid/2/__bgs__/15_60846d39ab455.jpg]
[imasdar.com/crd/eid/2/__bgs__/47_60846d60bc434.jpg]
[imasdar.com/crd/eid/2/index5eab.html]
[imasdar.com/crd/eid/2/__bgs__/91_60846d39abf16.jpg]
[imasdar.com/crd/eid/2/index6432.html]
[imasdar.com/crd/eid/2/__bgs__/48_60846d60bb925.jpg]
[imasdar.com/crd/eid/2/__bgs__/36_60846d39ac01e.jpg]
[imasdar.com/crd/eid/2/__bgs__/43_60846d60bc6aa.jpg]
[imasdar.com/crd/eid/2/indexbe6d.html]
[imasdar.com/crd/eid/2/__bgs__/19_60846d0b79e0f.jpg]
[imasdar.com/crd/eid/2/__bgs__/60_60846d60bcbc2.jpg]
[imasdar.com/crd/eid/2/__bgs__/59_60846ce4d4129.jpg]
[imasdar.com/crd/eid/2/__bgs__/78_60846d60bc1a0.jpg]
[imasdar.com/crd/eid/2/__bgs__/43_60846d0b79ba2.jpg]
[imasdar.com/crd/eid/2/index8864.html]
[imasdar.com/crd/eid/2/__bgs__/66_60846d0b79c57.jpg]
[imasdar.com/crd/eid/2/__bgs__/89_60846ce4d3ee9.jpg]
[imasdar.com/crd/eid/2/__bgs__/20_60846ce4d44b2.jpg]
[imasdar.com/crd/eid/2/__bgs__/91_60846d0b7b2fb.jpg]
[imasdar.com/crd/eid/2/index539a.html]
[imasdar.com/crd/eid/2/__bgs__/88_60846d39ab273.jpg]
[imasdar.com/crd/eid/2/__bgs__/35_60846d0b79ebe.jpg]
[imasdar.com/crd/eid/2/__bgs__/44_60846d60bc35b.jpg]
[imasdar.com/crd/eid/2/__bgs__/6_60846ce4d35b4.jpg]
[imasdar.com/crd/eid/2/__bgs__/26_60846d0b7a9df.jpg]
[imasdar.com/crd/eid/2/__bgs__/7_60846d60bc277.jpg]
[imasdar.com/crd/eid/2/index145c.html]
[imasdar.com/crd/eid/2/__bgs__/91_60846ce4d3410.jpg]
[imasdar.com/crd/eid/2/__bgs__/48_60846d0b7b01a.jpg]
[imasdar.com/crd/eid/2/indexcb7b.html]
[imasdar.com/crd/eid/2/__bgs__/6_60846ce4d4408.jpg]
[imasdar.com/crd/eid/2/__bgs__/39_60846d0b7a465.jpg]
[imasdar.com/crd/eid/2/__bgs__/61_60846d39abb9d.jpg]
[imasdar.com/crd/eid/2/__bgs__/11_60846d0b7ac0a.jpg]
[imasdar.com/crd/eid/2/__bgs__/63_60846d0b79a4c.jpg]
[imasdar.com/crd/eid/2/index16a8.html]
[imasdar.com/crd/eid/2/__bgs__/10_60846ce4d42a1.jpg]
[imasdar.com/crd/eid/2/__bgs__/26_60846d0b79d53.jpg]
[imasdar.com/crd/eid/2/__bgs__/90_60846ce4d3225.jpg]
[imasdar.com/crd/eid/2/__bgs__/58_60846d60bb847.jpg]
[imasdar.com/crd/eid/2/__bgs__/19_60846ce4d4069.jpg]
[imasdar.com/crd/eid/2/index5cbc.html]
[imasdar.com/crd/eid/2/__bgs__/30_60846d39abca5.jpg]
[imasdar.com/crd/eid/2/__bgs__/85_60846ce4d37b8.jpg]
[imasdar.com/crd/eid/2/__bgs__/5_60846d60bbc99.jpg]
[imasdar.com/crd/eid/2/indexad2b.html]
[imasdar.com/crd/eid/2/__bgs__/89_60846d0b7adf0.jpg]
[imasdar.com/crd/eid/2/__bgs__/23_60846ce4d3fab.jpg]
[imasdar.com/crd/eid/2/index052c.html]
[imasdar.com/crd/eid/2/__bgs__/11_60846d39ab718.jpg]
[imasdar.com/crd/eid/2/index367f.html]
[imasdar.com/crd/eid/2/__bgs__/88_60846d39aba84.jpg]
[imasdar.com/crd/eid/2/__bgs__/86_60846d60bb6db.jpg]
[imasdar.com/crd/eid/2/__bgs__/94_60846d39ac108.jpg]
[imasdar.com/crd/eid/2/__bgs__/42_60846ce4d3c0f.jpg]
[imasdar.com/crd/eid/2/__bgs__/91_60846d39ab018.jpg]
[imasdar.com/crd/eid/2/__bgs__/60_60846d39ac200.jpg]
[imasdar.com/crd/eid/2/index423b.html]
[imasdar.com/crd/eid/2/__bgs__/67_60846d60bc954.jpg]
[imasdar.com/crd/eid/2/index.html]
[imasdar.com/crd/eid/2/indexe890.html]
[imasdar.com/crd/eid/2/indexfeaf.html]
[imasdar.com/crd/eid/2/indexe847.html]
[imasdar.com/crd/eid/2/index1bd5.html]
[imasdar.com/crd/eid/2/indexdf2a.html]
[imasdar.com/crd/eid/2/index786b.html]
[imasdar.com/crd/eid/2/index8d50.html]
[imasdar.com/crd/eid/2/fonts/glyphicons-halflings-regular.eot]
[imasdar.com/crd/eid/2/index02ae.html]
[imasdar.com/crd/eid/2/indexfd1b.html]
[imasdar.com/crd/eid/2/index7b03.html]
[imasdar.com/crd/eid/2/index2074.html]
[imasdar.com/crd/eid/2/fonts/glyphicons-halflings-regulard41d.eot]
[imasdar.com/crd/eid/2/index45f8.html]
[imasdar.com/crd/eid/2/indexb433.html]
[imasdar.com/crd/eid/2/index0396.html]
[imasdar.com/crd/eid/2/indexe716.html]
[imasdar.com/crd/eid/2/fonts/glyphicons-halflings-regular.woff2]
[imasdar.com/crd/eid/2/indexf990.html]
[imasdar.com/crd/eid/2/index35d5.html]
[imasdar.com/crd/eid/2/index1ebf.html]
[imasdar.com/crd/eid/2/index116d.html]
[imasdar.com/crd/eid/2/fonts/glyphicons-halflings-regular.woff]
[imasdar.com/crd/eid/2/index4fa7.html]
[imasdar.com/crd/eid/2/index055f.html]
[imasdar.com/crd/eid/2/indexe38c.html]
[imasdar.com/crd/eid/2/index1031.html]
[imasdar.com/crd/eid/2/fonts/glyphicons-halflings-regular.ttf]
[imasdar.com/crd/eid/2/indexd0e7.html]
[imasdar.com/crd/eid/2/index594e.html]
[imasdar.com/crd/eid/2/index4b64.html]
[imasdar.com/crd/eid/2/index54e9.html]
[imasdar.com/crd/eid/2/index5841.html]
[imasdar.com/crd/eid/2/index9f68.html]
[imasdar.com/crd/eid/2/index9e28.html]
[imasdar.com/crd/eid/2/fonts/glyphicons-halflings-regular.svg]
[imasdar.com/crd/eid/2/indexc80b.html]
[imasdar.com/crd/eid/2/index1134.html]
[imasdar.com/crd/eid/2/lib/bootstrap.min.css]
[imasdar.com/crd/eid/2/indexef63.html]
[imasdar.com/crd/eid/2/css/photo-editor2048.css]
[imasdar.com/crd/eid/2/index3af6.html]
[imasdar.com/crd/eid/2/indexfd54.html]
[imasdar.com/crd/eid/2/indexed66.html]
[imasdar.com/crd/eid/2/fonts/fontawesome-webfont5b62.eot]
[imasdar.com/crd/eid/2/fonts/fontawesome-webfontd41d.eot]
[imasdar.com/crd/eid/2/fonts/fontawesome-webfont5b62.woff2]
[imasdar.com/crd/eid/2/fonts/fontawesome-webfont5b62.woff]
[imasdar.com/crd/eid/2/fonts/fontawesome-webfont5b62.ttf]
[imasdar.com/crd/eid/2/css/font-awesome.min.css]
[imasdar.com/crd/eid/2/css/spectrum.css]
[imasdar.com/crd/eid/2/lib/jquery-3.2.1.min.js]
[imasdar.com/crd/eid/2/lib/helpers.js]
[imasdar.com/crd/eid/2/lib/jcanvas.min.js]
[imasdar.com/crd/eid/2/fonts/fontawesome-webfont5b62.svg]
[imasdar.com/crd/eid/2/Popover requires tooltip.js]
[imasdar.com/crd/eid/2/lib/bootstrap.min.js]
[imasdar.com/crd/eid/2/POST]
[imasdar.com/crd/eid/2/lib/photoEditor2048.js]
[imasdar.com/crd/eid/2/lib/jquery-ui.js]
[imasdar.com/crd/eid/2/lib/spectrum.js]
[imasdar.com/crd/eid/2/css/google-fonts.css]
[imasdar.com/crd/eid/2/index-2.html]
[imasdar.com/crd/eid/2/indexb7f7.html]
[imasdar.com/crd/eid/2/index6139.html]
[imasdar.com/crd/eid/2/index9d76.html]
[imasdar.com/crd/eid/2/index9227.html]
[imasdar.com/crd/eid/2/index6add.html]
[imasdar.com/crd/eid/2/indexed2f.html]
[imasdar.com/crd/eid/2/index5eab.html]
[imasdar.com/crd/eid/2/index6432.html]
[imasdar.com/crd/eid/2/indexbe6d.html]
[imasdar.com/crd/eid/2/index8864.html]
[imasdar.com/crd/eid/2/index539a.html]
[imasdar.com/crd/eid/2/index145c.html]
[imasdar.com/crd/eid/2/indexcb7b.html]
[imasdar.com/crd/eid/2/index16a8.html]
[imasdar.com/crd/eid/2/index5cbc.html]
[imasdar.com/crd/eid/2/indexad2b.html]
[imasdar.com/crd/eid/2/index052c.html]
[imasdar.com/crd/eid/2/index367f.html]
[imasdar.com/crd/eid/2/index423b.html]
[imasdar.com/crd/eid/2/indexe890.html]
[imasdar.com/crd/eid/2/indexfeaf.html]
[imasdar.com/crd/eid/2/indexe847.html]
[imasdar.com/crd/eid/2/index1bd5.html]
[imasdar.com/crd/eid/2/indexdf2a.html]
[imasdar.com/crd/eid/2/index786b.html]
[imasdar.com/crd/eid/2/index8d50.html]
[imasdar.com/crd/eid/2/index02ae.html]
[imasdar.com/crd/eid/2/index7b03.html]
[imasdar.com/crd/eid/2/indexfd1b.html]
[imasdar.com/crd/eid/2/index2074.html]
[imasdar.com/crd/eid/2/index45f8.html]
[imasdar.com/crd/eid/2/indexb433.html]
[imasdar.com/crd/eid/2/index0396.html]
[imasdar.com/crd/eid/2/indexe716.html]
[imasdar.com/crd/eid/2/indexf990.html]
[imasdar.com/crd/eid/2/index35d5.html]
[imasdar.com/crd/eid/2/index1ebf.html]
[imasdar.com/crd/eid/2/index116d.html]
[imasdar.com/crd/eid/2/index4fa7.html]
[imasdar.com/crd/eid/2/index055f.html]
[imasdar.com/crd/eid/2/indexe38c.html]
[imasdar.com/crd/eid/2/index1031.html]
[imasdar.com/crd/eid/2/indexd0e7.html]
[imasdar.com/crd/eid/2/index594e.html]
[imasdar.com/crd/eid/2/index4b64.html]
[imasdar.com/crd/eid/2/index54e9.html]
[imasdar.com/crd/eid/2/index5841.html]
[imasdar.com/crd/eid/2/index9f68.html]
[imasdar.com/crd/eid/2/index9e28.html]
[imasdar.com/crd/eid/2/index1134.html]
[imasdar.com/crd/eid/2/indexc80b.html]
[imasdar.com/crd/eid/2/indexef63.html]
[imasdar.com/crd/eid/2/index3af6.html]
[imasdar.com/crd/eid/2/indexfd54.html]
[imasdar.com/crd/eid/2/indexed66.html]
[imasdar.com/crd/eid/2/fonts/glyphicons-halflings-regular.html]
[imasdar.com/crd/eid/2/fonts/glyphicons-halflings-regulard41d.html]
[imasdar.com/crd/eid/2/fonts/glyphicons-halflings-regular-2.html]
[imasdar.com/crd/eid/2/fonts/glyphicons-halflings-regular-3.html]
[imasdar.com/crd/eid/2/fonts/glyphicons-halflings-regular-4.html]
[imasdar.com/crd/eid/2/fonts/glyphicons-halflings-regular-5.html]
[imasdar.com/crd/eid/2/fonts/fontawesome-webfont5b62.svg]
[imasdar.com/crd/eid/2/Popover requires tooltip.html]
[imasdar.com/crd/eid/2/POST.html]
